******************************************************************************
                  MSP430 Linker PC v4.2.1                      
******************************************************************************
>> Linked Thu Apr 09 15:46:55 2015

OUTPUT FILE NAME:   <SignalDetector.out>
ENTRY POINT SYMBOL: "_c_int00"  address: 0000e2be


MEMORY CONFIGURATION

         name            origin    length      used     unused   attr    fill
----------------------  --------  ---------  --------  --------  ----  --------
  SFR                   00000000   00000010  00000000  00000010  RWIX
  PERIPHERALS_8BIT      00000010   000000f0  00000000  000000f0  RWIX
  PERIPHERALS_16BIT     00000100   00000100  00000000  00000100  RWIX
  RAM                   00000200   00000200  00000077  00000189  RWIX
  INFOD                 00001000   00000040  00000000  00000040  RWIX
  INFOC                 00001040   00000040  00000000  00000040  RWIX
  INFOB                 00001080   00000040  00000000  00000040  RWIX
  INFOA                 000010c0   00000040  00000000  00000040  RWIX
  FLASH                 0000c000   00003fe0  000035ec  000009f4  RWIX
  INT00                 0000ffe0   00000002  00000000  00000002  RWIX
  INT01                 0000ffe2   00000002  00000000  00000002  RWIX
  INT02                 0000ffe4   00000002  00000002  00000000  RWIX
  INT03                 0000ffe6   00000002  00000002  00000000  RWIX
  INT04                 0000ffe8   00000002  00000000  00000002  RWIX
  INT05                 0000ffea   00000002  00000002  00000000  RWIX
  INT06                 0000ffec   00000002  00000002  00000000  RWIX
  INT07                 0000ffee   00000002  00000002  00000000  RWIX
  INT08                 0000fff0   00000002  00000002  00000000  RWIX
  INT09                 0000fff2   00000002  00000002  00000000  RWIX
  INT10                 0000fff4   00000002  00000002  00000000  RWIX
  INT11                 0000fff6   00000002  00000002  00000000  RWIX
  INT12                 0000fff8   00000002  00000002  00000000  RWIX
  INT13                 0000fffa   00000002  00000002  00000000  RWIX
  INT14                 0000fffc   00000002  00000002  00000000  RWIX
  RESET                 0000fffe   00000002  00000002  00000000  RWIX


SECTION ALLOCATION MAP

 output                                  attributes/
section   page    origin      length       input sections
--------  ----  ----------  ----------   ----------------
.init_array 
*          0    0000c000    00000000     UNINITIALIZED

.bss       0    00000200    0000001e     UNINITIALIZED
                  00000200    00000010     (.common:tempMeasured)
                  00000210    00000006     (.common:s)
                  00000216    00000004     (.common:tempAverage)
                  0000021a    00000004     (.common:tempCalibrated)

.TI.noinit 
*          0    00000200    00000000     UNINITIALIZED

.data      0    0000021e    00000009     UNINITIALIZED
                  0000021e    00000008     main.obj (.data)
                  00000226    00000001     TFT_Driver.obj (.data)

.TI.persistent 
*          0    0000021e    00000000     UNINITIALIZED

.stack     0    000003b0    00000050     UNINITIALIZED
                  000003b0    00000002     rts430_eabi.lib : boot.obj (.stack)
                  000003b2    0000004e     --HOLE--

.text      0    0000c000    00002438     
                  0000c000    000005ce     main.obj (.text:main)
                  0000c5ce    0000045e     rts430_eabi.lib : frcdivd.obj (.text:__TI_frcdivd)
                  0000ca2c    000002f8                     : frcmpyd.obj (.text:__TI_frcmpyd)
                  0000cd24    000002e8                     : addd.obj (.text:__mspabi_addd)
                  0000d00c    00000298     TFT_Driver.obj (.text:TFT_Init)
                  0000d2a4    0000026e     rts430_eabi.lib : frcaddd.obj (.text:__TI_frcaddd)
                  0000d512    00000256                     : mpyd.obj (.text:__mspabi_mpyd)
                  0000d768    00000238                     : divd.obj (.text:__mspabi_divd)
                  0000d9a0    000001aa     TFT_Driver.obj (.text:TFT_DrawFont_GBK16)
                  0000db4a    000000c0     rts430_eabi.lib : renormd.obj (.text:__TI_renormd)
                  0000dc0a    000000b0                     : fltlid.obj (.text:__mspabi_fltlid)
                  0000dcba    00000090                     : fltuld.obj (.text:__mspabi_fltuld)
                  0000dd4a    0000008a                     : fixdul.obj (.text:__mspabi_fixdul)
                  0000ddd4    00000088     TFT_Driver.obj (.text:Println)
                  0000de5c    0000005e     rts430_eabi.lib : copy_decompress_rle.obj (.text:__TI_decompress_rle_core)
                  0000deba    0000005e                     : autoinit.obj (.text:_auto_init)
                  0000df18    0000005c                     : lsr32.obj (.text:l_lsr_const)
                  0000df74    00000050     main.obj (.text:ConfigureAdcTempSensor)
                  0000dfc4    0000004c     rts430_eabi.lib : lsr16.obj (.text)
                  0000e010    00000044     TFT_Driver.obj (.text:TFT_Clear)
                  0000e054    0000003e     rts430_eabi.lib : asr32.obj (.text:l_asr_const)
                  0000e092    0000003e                     : lsl32.obj (.text:l_lsl_const)
                  0000e0d0    00000036     TFT_Driver.obj (.text:TFT_SetRegion)
                  0000e106    00000036     rts430_eabi.lib : subd.obj (.text:__mspabi_subd)
                  0000e13c    00000034     TFT_Driver.obj (.text:TFT_SPI_Init)
                  0000e170    00000032     TFT_Driver.obj (.text:TFT_IO_Init)
                  0000e1a2    0000002c     rts430_eabi.lib : asr16.obj (.text)
                  0000e1ce    0000002c                     : lsl16.obj (.text)
                  0000e1fa    00000028     TFT_Driver.obj (.text:TFT_SetXY)
                  0000e222    00000026     rts430_eabi.lib : mult32.obj (.text)
                  0000e248    00000024     TFT_Driver.obj (.text:TFT_Reset)
                  0000e26c    0000001e     main.obj (.text:InitializeClocks)
                  0000e28a    0000001a     main.obj (.text:ConfigureTimerCaptureFlow)
                  0000e2a4    0000001a     main.obj (.text:ConfigureTimerCount)
                  0000e2be    0000001a     rts430_eabi.lib : boot.obj (.text:_c_int00_noexit)
                  0000e2d8    00000018     main.obj (.text:PORT2_ISR)
                  0000e2f0    00000018     TFT_Driver.obj (.text:SPI_WriteByte)
                  0000e308    00000016     main.obj (.text:Timer_A)
                  0000e31e    00000014     TFT_Driver.obj (.text:TFT_WriteData16Bit)
                  0000e332    00000014     main.obj (.text:WDT_ISR)
                  0000e346    00000014     rts430_eabi.lib : copy_zero_init.obj (.text:decompress:ZI:__TI_zero_init)
                  0000e35a    00000014                     : mult16.obj (.text)
                  0000e36e    00000012                     : fixdu.obj (.text:__mspabi_fixdu)
                  0000e380    00000012                     : copy_decompress_none.obj (.text:decompress:none:__TI_decompress_none)
                  0000e392    00000012                     : lsr32.obj (.text:l_lsr)
                  0000e3a4    00000012                     : memcpy.obj (.text:memcpy)
                  0000e3b6    00000010                     : asr32.obj (.text:l_asr)
                  0000e3c6    00000010                     : lsl32.obj (.text:l_lsl)
                  0000e3d6    00000010                     : epilog.obj (.text)
                  0000e3e6    0000000c     TFT_Driver.obj (.text:TFT_DrawPoint)
                  0000e3f2    0000000c     TFT_Driver.obj (.text:TFT_WriteData)
                  0000e3fe    0000000c     TFT_Driver.obj (.text:TFT_WriteIndex)
                  0000e40a    0000000c     rts430_eabi.lib : fltid.obj (.text:__mspabi_fltid)
                  0000e416    00000008     main.obj (.text:ADC10_ISR)
                  0000e41e    00000006     rts430_eabi.lib : isr_trap.obj (.text:__TI_ISR_TRAP)
                  0000e424    00000006                     : fltud.obj (.text:__mspabi_fltud)
                  0000e42a    00000006                     : copy_decompress_rle.obj (.text:decompress:rle24:__TI_decompress_rle24)
                  0000e430    00000004                     : pre_init.obj (.text:_system_pre_init)
                  0000e434    00000004                     : exit.obj (.text:abort)

.const     0    0000e438    00001198     
                  0000e438    00000b7c     TFT_Driver.obj (.const:hz16)
                  0000efb4    000005f1     TFT_Driver.obj (.const:.string:asc16)
                  0000f5a5    00000001     --HOLE-- [fill = 0]
                  0000f5a6    0000002a     main.obj (.const:.string)

.cinit     0    0000f5d0    0000001c     
                  0000f5d0    00000009     (.cinit..data.load) [load image, compression = rle]
                  0000f5d9    00000001     --HOLE-- [fill = 0]
                  0000f5da    00000006     (__TI_handler_table)
                  0000f5e0    00000004     (.cinit..bss.load) [load image, compression = zero_init]
                  0000f5e4    00000008     (__TI_cinit_table)

PORT1      0    0000ffe4    00000002     
                  0000ffe4    00000002     rts430_eabi.lib : int02.obj (.int02)

PORT2      0    0000ffe6    00000002     
                  0000ffe6    00000002     main.obj (.int03)

ADC10      0    0000ffea    00000002     
                  0000ffea    00000002     main.obj (.int05)

USCIAB0TX 
*          0    0000ffec    00000002     
                  0000ffec    00000002     rts430_eabi.lib : int06.obj (.int06)

USCIAB0RX 
*          0    0000ffee    00000002     
                  0000ffee    00000002     rts430_eabi.lib : int07.obj (.int07)

TIMER0_A1 
*          0    0000fff0    00000002     
                  0000fff0    00000002     rts430_eabi.lib : int08.obj (.int08)

TIMER0_A0 
*          0    0000fff2    00000002     
                  0000fff2    00000002     main.obj (.int09)

WDT        0    0000fff4    00000002     
                  0000fff4    00000002     main.obj (.int10)

COMPARATORA 
*          0    0000fff6    00000002     
                  0000fff6    00000002     rts430_eabi.lib : int11.obj (.int11)

TIMER1_A1 
*          0    0000fff8    00000002     
                  0000fff8    00000002     rts430_eabi.lib : int12.obj (.int12)

TIMER1_A0 
*          0    0000fffa    00000002     
                  0000fffa    00000002     rts430_eabi.lib : int13.obj (.int13)

NMI        0    0000fffc    00000002     
                  0000fffc    00000002     rts430_eabi.lib : int14.obj (.int14)

.reset     0    0000fffe    00000002     
                  0000fffe    00000002     rts430_eabi.lib : boot.obj (.reset)


LINKER GENERATED COPY TABLES

__TI_cinit_table @ 0000f5e4 records: 2, size/record: 4, table size: 8
	.data: load addr=0000f5d0, load size=00000009 bytes, run addr=0000021e, run size=00000009 bytes, compression=rle
	.bss: load addr=0000f5e0, load size=00000004 bytes, run addr=00000200, run size=0000001e bytes, compression=zero_init


LINKER GENERATED HANDLER TABLE

__TI_handler_table @ 0000f5da records: 3, size/record: 2, table size: 6
	index: 0, handler: __TI_zero_init
	index: 1, handler: __TI_decompress_rle24
	index: 2, handler: __TI_decompress_none


GLOBAL SYMBOLS: SORTED ALPHABETICALLY BY Name 

address    name
--------   ----
0000004a   ADC10AE0
000001b0   ADC10CTL0
000001b2   ADC10CTL1
00000048   ADC10DTC0
00000049   ADC10DTC1
000001b4   ADC10MEM
000001bc   ADC10SA
0000e416   ADC10_ISR
00000057   BCSCTL1
00000058   BCSCTL2
00000053   BCSCTL3
0000e434   C$$EXIT
00000059   CACTL1
0000005a   CACTL2
000010fb   CALBC1_12MHZ
000010f9   CALBC1_16MHZ
000010ff   CALBC1_1MHZ
000010fd   CALBC1_8MHZ
000010fa   CALDCO_12MHZ
000010f8   CALDCO_16MHZ
000010fe   CALDCO_1MHZ
000010fc   CALDCO_8MHZ
0000005b   CAPD
0000df74   ConfigureAdcTempSensor
0000e28a   ConfigureTimerCaptureFlow
0000e2a4   ConfigureTimerCount
00000056   DCOCTL
00000128   FCTL1
0000012a   FCTL2
0000012c   FCTL3
00000000   IE1
00000001   IE2
00000002   IFG1
00000003   IFG2
0000e26c   InitializeClocks
00000022   P1DIR
00000025   P1IE
00000024   P1IES
00000023   P1IFG
00000020   P1IN
00000021   P1OUT
00000027   P1REN
00000026   P1SEL
00000041   P1SEL2
0000002a   P2DIR
0000002d   P2IE
0000002c   P2IES
0000002b   P2IFG
00000028   P2IN
00000029   P2OUT
0000002f   P2REN
0000002e   P2SEL
00000042   P2SEL2
0000001a   P3DIR
00000018   P3IN
00000019   P3OUT
00000010   P3REN
0000001b   P3SEL
00000043   P3SEL2
0000e2d8   PORT2_ISR
0000ddd4   Println
0000e2f0   SPI_WriteByte
00000172   TA0CCR0
00000174   TA0CCR1
00000176   TA0CCR2
00000162   TA0CCTL0
00000164   TA0CCTL1
00000166   TA0CCTL2
00000160   TA0CTL
0000012e   TA0IV
00000170   TA0R
00000192   TA1CCR0
00000194   TA1CCR1
00000196   TA1CCR2
00000182   TA1CCTL0
00000184   TA1CCTL1
00000186   TA1CCTL2
00000180   TA1CTL
0000011e   TA1IV
00000190   TA1R
0000e010   TFT_Clear
0000d9a0   TFT_DrawFont_GBK16
0000e3e6   TFT_DrawPoint
0000e170   TFT_IO_Init
0000d00c   TFT_Init
0000e248   TFT_Reset
0000e13c   TFT_SPI_Init
0000e0d0   TFT_SetRegion
0000e1fa   TFT_SetXY
0000e3f2   TFT_WriteData
0000e31e   TFT_WriteData16Bit
0000e3fe   TFT_WriteIndex
0000e308   Timer_A
0000005d   UCA0ABCTL
00000062   UCA0BR0
00000063   UCA0BR1
00000060   UCA0CTL0
00000061   UCA0CTL1
0000005f   UCA0IRRCTL
0000005e   UCA0IRTCTL
00000064   UCA0MCTL
00000066   UCA0RXBUF
00000065   UCA0STAT
00000067   UCA0TXBUF
0000006a   UCB0BR0
0000006b   UCB0BR1
00000068   UCB0CTL0
00000069   UCB0CTL1
0000006c   UCB0I2CIE
00000118   UCB0I2COA
0000011a   UCB0I2CSA
0000006e   UCB0RXBUF
0000006d   UCB0STAT
0000006f   UCB0TXBUF
00000120   WDTCTL
0000e332   WDT_ISR
00000400   __STACK_END
00000050   __STACK_SIZE
0000f5e4   __TI_CINIT_Base
0000f5ec   __TI_CINIT_Limit
0000f5da   __TI_Handler_Table_Base
0000f5e0   __TI_Handler_Table_Limit
UNDEFED    __TI_INITARRAY_Base
UNDEFED    __TI_INITARRAY_Limit
0000e41e   __TI_ISR_TRAP
00000001   __TI_args_main
0000e380   __TI_decompress_none
0000e42a   __TI_decompress_rle24
00000001   __TI_exit
0000d2a4   __TI_frcaddd
0000c5ce   __TI_frcdivd
0000ca2c   __TI_frcmpyd
0000ffe4   __TI_int02
0000ffe6   __TI_int03
0000ffea   __TI_int05
0000ffec   __TI_int06
0000ffee   __TI_int07
0000fff0   __TI_int08
0000fff2   __TI_int09
0000fff4   __TI_int10
0000fff6   __TI_int11
0000fff8   __TI_int12
0000fffa   __TI_int13
0000fffc   __TI_int14
0000db4a   __TI_renormd
0000e346   __TI_zero_init
ffffffff   __binit__
ffffffff   __c_args__
0000cd24   __mspabi_addd
0000d768   __mspabi_divd
0000e36e   __mspabi_fixdu
0000dd4a   __mspabi_fixdul
0000e40a   __mspabi_fltid
0000dc0a   __mspabi_fltlid
0000e424   __mspabi_fltud
0000dcba   __mspabi_fltuld
0000e3e2   __mspabi_func_epilog_1
0000e3e0   __mspabi_func_epilog_2
0000e3de   __mspabi_func_epilog_3
0000e3dc   __mspabi_func_epilog_4
0000e3da   __mspabi_func_epilog_5
0000e3d8   __mspabi_func_epilog_6
0000e3d6   __mspabi_func_epilog_7
0000d512   __mspabi_mpyd
0000e35a   __mspabi_mpyi
0000e222   __mspabi_mpyl
0000e1ce   __mspabi_slli
0000e1f6   __mspabi_slli_1
0000e1e4   __mspabi_slli_10
0000e1e2   __mspabi_slli_11
0000e1e0   __mspabi_slli_12
0000e1de   __mspabi_slli_13
0000e1dc   __mspabi_slli_14
0000e1da   __mspabi_slli_15
0000e1f4   __mspabi_slli_2
0000e1f2   __mspabi_slli_3
0000e1f0   __mspabi_slli_4
0000e1ee   __mspabi_slli_5
0000e1ec   __mspabi_slli_6
0000e1ea   __mspabi_slli_7
0000e1e8   __mspabi_slli_8
0000e1e6   __mspabi_slli_9
0000e3c6   __mspabi_slll
0000e0ca   __mspabi_slll_1
0000e0a6   __mspabi_slll_10
0000e0a2   __mspabi_slll_11
0000e09e   __mspabi_slll_12
0000e09a   __mspabi_slll_13
0000e096   __mspabi_slll_14
0000e092   __mspabi_slll_15
0000e0c6   __mspabi_slll_2
0000e0c2   __mspabi_slll_3
0000e0be   __mspabi_slll_4
0000e0ba   __mspabi_slll_5
0000e0b6   __mspabi_slll_6
0000e0b2   __mspabi_slll_7
0000e0ae   __mspabi_slll_8
0000e0aa   __mspabi_slll_9
0000e1a2   __mspabi_srai
0000e1ca   __mspabi_srai_1
0000e1b8   __mspabi_srai_10
0000e1b6   __mspabi_srai_11
0000e1b4   __mspabi_srai_12
0000e1b2   __mspabi_srai_13
0000e1b0   __mspabi_srai_14
0000e1ae   __mspabi_srai_15
0000e1c8   __mspabi_srai_2
0000e1c6   __mspabi_srai_3
0000e1c4   __mspabi_srai_4
0000e1c2   __mspabi_srai_5
0000e1c0   __mspabi_srai_6
0000e1be   __mspabi_srai_7
0000e1bc   __mspabi_srai_8
0000e1ba   __mspabi_srai_9
0000e3b6   __mspabi_sral
0000e08c   __mspabi_sral_1
0000e068   __mspabi_sral_10
0000e064   __mspabi_sral_11
0000e060   __mspabi_sral_12
0000e05c   __mspabi_sral_13
0000e058   __mspabi_sral_14
0000e054   __mspabi_sral_15
0000e088   __mspabi_sral_2
0000e084   __mspabi_sral_3
0000e080   __mspabi_sral_4
0000e07c   __mspabi_sral_5
0000e078   __mspabi_sral_6
0000e074   __mspabi_sral_7
0000e070   __mspabi_sral_8
0000e06c   __mspabi_sral_9
0000dfc4   __mspabi_srli
0000e00a   __mspabi_srli_1
0000dfe6   __mspabi_srli_10
0000dfe2   __mspabi_srli_11
0000dfde   __mspabi_srli_12
0000dfda   __mspabi_srli_13
0000dfd6   __mspabi_srli_14
0000dfd2   __mspabi_srli_15
0000e006   __mspabi_srli_2
0000e002   __mspabi_srli_3
0000dffe   __mspabi_srli_4
0000dffa   __mspabi_srli_5
0000dff6   __mspabi_srli_6
0000dff2   __mspabi_srli_7
0000dfee   __mspabi_srli_8
0000dfea   __mspabi_srli_9
0000e392   __mspabi_srll
0000df6c   __mspabi_srll_1
0000df36   __mspabi_srll_10
0000df30   __mspabi_srll_11
0000df2a   __mspabi_srll_12
0000df24   __mspabi_srll_13
0000df1e   __mspabi_srll_14
0000df18   __mspabi_srll_15
0000df66   __mspabi_srll_2
0000df60   __mspabi_srll_3
0000df5a   __mspabi_srll_4
0000df54   __mspabi_srll_5
0000df4e   __mspabi_srll_6
0000df48   __mspabi_srll_7
0000df42   __mspabi_srll_8
0000df3c   __mspabi_srll_9
0000e106   __mspabi_subd
0000deba   _auto_init
0000e2be   _c_int00
0000e2be   _c_int00_noexit
0000fffe   _reset_vector
000003b0   _stack
0000e430   _system_pre_init
0000e434   abort
0000efb4   asc16
ffffffff   binit
0000021e   calibrateUpdate
00000220   counter
00000224   frequency
0000e438   hz16
00000222   letsprint
00000226   line
0000c000   main
0000e3a4   memcpy
00000210   s
00000216   tempAverage
0000021a   tempCalibrated
00000200   tempMeasured
0000021f   tempMeasuredPosition


GLOBAL SYMBOLS: SORTED BY Symbol Address 

address    name
--------   ----
00000000   IE1
00000001   IE2
00000001   __TI_args_main
00000001   __TI_exit
00000002   IFG1
00000003   IFG2
00000010   P3REN
00000018   P3IN
00000019   P3OUT
0000001a   P3DIR
0000001b   P3SEL
00000020   P1IN
00000021   P1OUT
00000022   P1DIR
00000023   P1IFG
00000024   P1IES
00000025   P1IE
00000026   P1SEL
00000027   P1REN
00000028   P2IN
00000029   P2OUT
0000002a   P2DIR
0000002b   P2IFG
0000002c   P2IES
0000002d   P2IE
0000002e   P2SEL
0000002f   P2REN
00000041   P1SEL2
00000042   P2SEL2
00000043   P3SEL2
00000048   ADC10DTC0
00000049   ADC10DTC1
0000004a   ADC10AE0
00000050   __STACK_SIZE
00000053   BCSCTL3
00000056   DCOCTL
00000057   BCSCTL1
00000058   BCSCTL2
00000059   CACTL1
0000005a   CACTL2
0000005b   CAPD
0000005d   UCA0ABCTL
0000005e   UCA0IRTCTL
0000005f   UCA0IRRCTL
00000060   UCA0CTL0
00000061   UCA0CTL1
00000062   UCA0BR0
00000063   UCA0BR1
00000064   UCA0MCTL
00000065   UCA0STAT
00000066   UCA0RXBUF
00000067   UCA0TXBUF
00000068   UCB0CTL0
00000069   UCB0CTL1
0000006a   UCB0BR0
0000006b   UCB0BR1
0000006c   UCB0I2CIE
0000006d   UCB0STAT
0000006e   UCB0RXBUF
0000006f   UCB0TXBUF
00000118   UCB0I2COA
0000011a   UCB0I2CSA
0000011e   TA1IV
00000120   WDTCTL
00000128   FCTL1
0000012a   FCTL2
0000012c   FCTL3
0000012e   TA0IV
00000160   TA0CTL
00000162   TA0CCTL0
00000164   TA0CCTL1
00000166   TA0CCTL2
00000170   TA0R
00000172   TA0CCR0
00000174   TA0CCR1
00000176   TA0CCR2
00000180   TA1CTL
00000182   TA1CCTL0
00000184   TA1CCTL1
00000186   TA1CCTL2
00000190   TA1R
00000192   TA1CCR0
00000194   TA1CCR1
00000196   TA1CCR2
000001b0   ADC10CTL0
000001b2   ADC10CTL1
000001b4   ADC10MEM
000001bc   ADC10SA
00000200   tempMeasured
00000210   s
00000216   tempAverage
0000021a   tempCalibrated
0000021e   calibrateUpdate
0000021f   tempMeasuredPosition
00000220   counter
00000222   letsprint
00000224   frequency
00000226   line
000003b0   _stack
00000400   __STACK_END
000010f8   CALDCO_16MHZ
000010f9   CALBC1_16MHZ
000010fa   CALDCO_12MHZ
000010fb   CALBC1_12MHZ
000010fc   CALDCO_8MHZ
000010fd   CALBC1_8MHZ
000010fe   CALDCO_1MHZ
000010ff   CALBC1_1MHZ
0000c000   main
0000c5ce   __TI_frcdivd
0000ca2c   __TI_frcmpyd
0000cd24   __mspabi_addd
0000d00c   TFT_Init
0000d2a4   __TI_frcaddd
0000d512   __mspabi_mpyd
0000d768   __mspabi_divd
0000d9a0   TFT_DrawFont_GBK16
0000db4a   __TI_renormd
0000dc0a   __mspabi_fltlid
0000dcba   __mspabi_fltuld
0000dd4a   __mspabi_fixdul
0000ddd4   Println
0000deba   _auto_init
0000df18   __mspabi_srll_15
0000df1e   __mspabi_srll_14
0000df24   __mspabi_srll_13
0000df2a   __mspabi_srll_12
0000df30   __mspabi_srll_11
0000df36   __mspabi_srll_10
0000df3c   __mspabi_srll_9
0000df42   __mspabi_srll_8
0000df48   __mspabi_srll_7
0000df4e   __mspabi_srll_6
0000df54   __mspabi_srll_5
0000df5a   __mspabi_srll_4
0000df60   __mspabi_srll_3
0000df66   __mspabi_srll_2
0000df6c   __mspabi_srll_1
0000df74   ConfigureAdcTempSensor
0000dfc4   __mspabi_srli
0000dfd2   __mspabi_srli_15
0000dfd6   __mspabi_srli_14
0000dfda   __mspabi_srli_13
0000dfde   __mspabi_srli_12
0000dfe2   __mspabi_srli_11
0000dfe6   __mspabi_srli_10
0000dfea   __mspabi_srli_9
0000dfee   __mspabi_srli_8
0000dff2   __mspabi_srli_7
0000dff6   __mspabi_srli_6
0000dffa   __mspabi_srli_5
0000dffe   __mspabi_srli_4
0000e002   __mspabi_srli_3
0000e006   __mspabi_srli_2
0000e00a   __mspabi_srli_1
0000e010   TFT_Clear
0000e054   __mspabi_sral_15
0000e058   __mspabi_sral_14
0000e05c   __mspabi_sral_13
0000e060   __mspabi_sral_12
0000e064   __mspabi_sral_11
0000e068   __mspabi_sral_10
0000e06c   __mspabi_sral_9
0000e070   __mspabi_sral_8
0000e074   __mspabi_sral_7
0000e078   __mspabi_sral_6
0000e07c   __mspabi_sral_5
0000e080   __mspabi_sral_4
0000e084   __mspabi_sral_3
0000e088   __mspabi_sral_2
0000e08c   __mspabi_sral_1
0000e092   __mspabi_slll_15
0000e096   __mspabi_slll_14
0000e09a   __mspabi_slll_13
0000e09e   __mspabi_slll_12
0000e0a2   __mspabi_slll_11
0000e0a6   __mspabi_slll_10
0000e0aa   __mspabi_slll_9
0000e0ae   __mspabi_slll_8
0000e0b2   __mspabi_slll_7
0000e0b6   __mspabi_slll_6
0000e0ba   __mspabi_slll_5
0000e0be   __mspabi_slll_4
0000e0c2   __mspabi_slll_3
0000e0c6   __mspabi_slll_2
0000e0ca   __mspabi_slll_1
0000e0d0   TFT_SetRegion
0000e106   __mspabi_subd
0000e13c   TFT_SPI_Init
0000e170   TFT_IO_Init
0000e1a2   __mspabi_srai
0000e1ae   __mspabi_srai_15
0000e1b0   __mspabi_srai_14
0000e1b2   __mspabi_srai_13
0000e1b4   __mspabi_srai_12
0000e1b6   __mspabi_srai_11
0000e1b8   __mspabi_srai_10
0000e1ba   __mspabi_srai_9
0000e1bc   __mspabi_srai_8
0000e1be   __mspabi_srai_7
0000e1c0   __mspabi_srai_6
0000e1c2   __mspabi_srai_5
0000e1c4   __mspabi_srai_4
0000e1c6   __mspabi_srai_3
0000e1c8   __mspabi_srai_2
0000e1ca   __mspabi_srai_1
0000e1ce   __mspabi_slli
0000e1da   __mspabi_slli_15
0000e1dc   __mspabi_slli_14
0000e1de   __mspabi_slli_13
0000e1e0   __mspabi_slli_12
0000e1e2   __mspabi_slli_11
0000e1e4   __mspabi_slli_10
0000e1e6   __mspabi_slli_9
0000e1e8   __mspabi_slli_8
0000e1ea   __mspabi_slli_7
0000e1ec   __mspabi_slli_6
0000e1ee   __mspabi_slli_5
0000e1f0   __mspabi_slli_4
0000e1f2   __mspabi_slli_3
0000e1f4   __mspabi_slli_2
0000e1f6   __mspabi_slli_1
0000e1fa   TFT_SetXY
0000e222   __mspabi_mpyl
0000e248   TFT_Reset
0000e26c   InitializeClocks
0000e28a   ConfigureTimerCaptureFlow
0000e2a4   ConfigureTimerCount
0000e2be   _c_int00
0000e2be   _c_int00_noexit
0000e2d8   PORT2_ISR
0000e2f0   SPI_WriteByte
0000e308   Timer_A
0000e31e   TFT_WriteData16Bit
0000e332   WDT_ISR
0000e346   __TI_zero_init
0000e35a   __mspabi_mpyi
0000e36e   __mspabi_fixdu
0000e380   __TI_decompress_none
0000e392   __mspabi_srll
0000e3a4   memcpy
0000e3b6   __mspabi_sral
0000e3c6   __mspabi_slll
0000e3d6   __mspabi_func_epilog_7
0000e3d8   __mspabi_func_epilog_6
0000e3da   __mspabi_func_epilog_5
0000e3dc   __mspabi_func_epilog_4
0000e3de   __mspabi_func_epilog_3
0000e3e0   __mspabi_func_epilog_2
0000e3e2   __mspabi_func_epilog_1
0000e3e6   TFT_DrawPoint
0000e3f2   TFT_WriteData
0000e3fe   TFT_WriteIndex
0000e40a   __mspabi_fltid
0000e416   ADC10_ISR
0000e41e   __TI_ISR_TRAP
0000e424   __mspabi_fltud
0000e42a   __TI_decompress_rle24
0000e430   _system_pre_init
0000e434   C$$EXIT
0000e434   abort
0000e438   hz16
0000efb4   asc16
0000f5da   __TI_Handler_Table_Base
0000f5e0   __TI_Handler_Table_Limit
0000f5e4   __TI_CINIT_Base
0000f5ec   __TI_CINIT_Limit
0000ffe4   __TI_int02
0000ffe6   __TI_int03
0000ffea   __TI_int05
0000ffec   __TI_int06
0000ffee   __TI_int07
0000fff0   __TI_int08
0000fff2   __TI_int09
0000fff4   __TI_int10
0000fff6   __TI_int11
0000fff8   __TI_int12
0000fffa   __TI_int13
0000fffc   __TI_int14
0000fffe   _reset_vector
ffffffff   __binit__
ffffffff   __c_args__
ffffffff   binit
UNDEFED    __TI_INITARRAY_Base
UNDEFED    __TI_INITARRAY_Limit

[285 symbols]
